// Jest Snapshot v1, https://goo.gl/fbAQLP

exports[`Username matches a snapshot 1`] = `
<Fragment>
  <input
    name="username"
    type="text"
    value="dakotadruley"
  />
  <button
    name="username"
    onClick={[Function]}
    type="button"
    value="dakotadruley"
  >
    Search
  </button>
</Fragment>
`;
